--- Starting Availability Test ---
prisma:query INSERT INTO "public"."Branch" ("id","name","address","city","phone","isActive","createdAt","updatedAt") VALUES ($1,$2,$3,$4,$5,$6,$7,$8) RETURNING "public"."Branch"."id", "public"."Branch"."name", "public"."Branch"."address", "public"."Branch"."city", "public"."Branch"."phone", "public"."Branch"."isActive", "public"."Branch"."createdAt", "public"."Branch"."updatedAt"
prisma:query SELECT "public"."Branch"."id", "public"."Branch"."name", "public"."Branch"."address", "public"."Branch"."city", "public"."Branch"."phone", "public"."Branch"."isActive", "public"."Branch"."createdAt", "public"."Branch"."updatedAt" FROM "public"."Branch" WHERE ("public"."Branch"."id" = $1 AND 1=1) LIMIT $2 OFFSET $3
prisma:query SELECT "public"."Car"."id", "public"."Car"."brand", "public"."Car"."model", "public"."Car"."year", "public"."Car"."transmission"::text, "public"."Car"."fuel"::text, "public"."Car"."category"::text, "public"."Car"."seats", "public"."Car"."doors", "public"."Car"."color", "public"."Car"."plateNumber", "public"."Car"."dailyPrice", "public"."Car"."weeklyPrice", "public"."Car"."deposit", "public"."Car"."mileage", "public"."Car"."images", "public"."Car"."status"::text, "public"."Car"."description", "public"."Car"."branchId", "public"."Car"."createdAt", "public"."Car"."updatedAt" FROM "public"."Car" WHERE ("public"."Car"."plateNumber" = $1 AND 1=1) LIMIT $2 OFFSET $3
prisma:query BEGIN
prisma:query INSERT INTO "public"."Car" ("id","brand","model","year","transmission","fuel","category","seats","doors","color","plateNumber","dailyPrice","mileage","images","status","branchId","createdAt","updatedAt") VALUES ($1,$2,$3,$4,CAST($5::text AS "public"."Transmission"),CAST($6::text AS "public"."FuelType"),CAST($7::text AS "public"."CarCategory"),$8,$9,$10,$11,$12,$13,$14,CAST($15::text AS "public"."CarStatus"),$16,$17,$18) RETURNING "public"."Car"."id"
prisma:query SELECT "public"."Car"."id", "public"."Car"."brand", "public"."Car"."model", "public"."Car"."year", "public"."Car"."transmission"::text, "public"."Car"."fuel"::text, "public"."Car"."category"::text, "public"."Car"."seats", "public"."Car"."doors", "public"."Car"."color", "public"."Car"."plateNumber", "public"."Car"."dailyPrice", "public"."Car"."weeklyPrice", "public"."Car"."deposit", "public"."Car"."mileage", "public"."Car"."images", "public"."Car"."status"::text, "public"."Car"."description", "public"."Car"."branchId", "public"."Car"."createdAt", "public"."Car"."updatedAt" FROM "public"."Car" WHERE "public"."Car"."id" = $1 LIMIT $2 OFFSET $3
prisma:query SELECT "public"."Branch"."id", "public"."Branch"."name", "public"."Branch"."address", "public"."Branch"."city", "public"."Branch"."phone", "public"."Branch"."isActive", "public"."Branch"."createdAt", "public"."Branch"."updatedAt" FROM "public"."Branch" WHERE "public"."Branch"."id" IN ($1) OFFSET $2
prisma:query COMMIT
Created Car: bc433fc0-28b4-4033-84a1-1f56874d2341 (TEST-1770216537980)
prisma:query BEGIN
prisma:query SET TRANSACTION ISOLATION LEVEL SERIALIZABLE
prisma:query SELECT "public"."Car"."id", "public"."Car"."brand", "public"."Car"."model", "public"."Car"."year", "public"."Car"."transmission"::text, "public"."Car"."fuel"::text, "public"."Car"."category"::text, "public"."Car"."seats", "public"."Car"."doors", "public"."Car"."color", "public"."Car"."plateNumber", "public"."Car"."dailyPrice", "public"."Car"."weeklyPrice", "public"."Car"."deposit", "public"."Car"."mileage", "public"."Car"."images", "public"."Car"."status"::text, "public"."Car"."description", "public"."Car"."branchId", "public"."Car"."createdAt", "public"."Car"."updatedAt" FROM "public"."Car" WHERE ("public"."Car"."id" = $1 AND 1=1) LIMIT $2 OFFSET $3
prisma:query SELECT "public"."Branch"."id", "public"."Branch"."name", "public"."Branch"."address", "public"."Branch"."city", "public"."Branch"."phone", "public"."Branch"."isActive", "public"."Branch"."createdAt", "public"."Branch"."updatedAt" FROM "public"."Branch" WHERE "public"."Branch"."id" IN ($1,$2) OFFSET $3
prisma:query SELECT "public"."Booking"."id", "public"."Booking"."bookingCode", "public"."Booking"."carId", "public"."Booking"."userId", "public"."Booking"."customerName", "public"."Booking"."customerSurname", "public"."Booking"."customerPhone", "public"."Booking"."customerEmail", "public"."Booking"."customerTC", "public"."Booking"."customerDriverLicense", "public"."Booking"."notes", "public"."Booking"."pickupDate", "public"."Booking"."dropoffDate", "public"."Booking"."originalDropoffDate", "public"."Booking"."pickupBranchId", "public"."Booking"."dropoffBranchId", "public"."Booking"."totalPrice", "public"."Booking"."status"::text, "public"."Booking"."paymentStatus"::text, "public"."Booking"."paymentProvider", "public"."Booking"."paymentRef", "public"."Booking"."paidAt", "public"."Booking"."createdAt", "public"."Booking"."updatedAt" FROM "public"."Booking" WHERE ("public"."Booking"."carId" = $1 AND "public"."Booking"."status" IN (CAST($2::text AS "public"."BookingStatus"),CAST($3::text AS "public"."BookingStatus")) AND "public"."Booking"."pickupDate" < $4 AND "public"."Booking"."dropoffDate" > $5) LIMIT $6 OFFSET $7
prisma:query SELECT "public"."Booking"."id", "public"."Booking"."bookingCode", "public"."Booking"."carId", "public"."Booking"."userId", "public"."Booking"."customerName", "public"."Booking"."customerSurname", "public"."Booking"."customerPhone", "public"."Booking"."customerEmail", "public"."Booking"."customerTC", "public"."Booking"."customerDriverLicense", "public"."Booking"."notes", "public"."Booking"."pickupDate", "public"."Booking"."dropoffDate", "public"."Booking"."originalDropoffDate", "public"."Booking"."pickupBranchId", "public"."Booking"."dropoffBranchId", "public"."Booking"."totalPrice", "public"."Booking"."status"::text, "public"."Booking"."paymentStatus"::text, "public"."Booking"."paymentProvider", "public"."Booking"."paymentRef", "public"."Booking"."paidAt", "public"."Booking"."createdAt", "public"."Booking"."updatedAt" FROM "public"."Booking" WHERE ("public"."Booking"."bookingCode" = $1 AND 1=1) LIMIT $2 OFFSET $3
prisma:query INSERT INTO "public"."Booking" ("id","bookingCode","carId","customerName","customerSurname","customerPhone","customerEmail","customerTC","customerDriverLicense","notes","pickupDate","dropoffDate","pickupBranchId","dropoffBranchId","totalPrice","status","paymentStatus","createdAt","updatedAt") VALUES ($1,$2,$3,$4,$5,$6,$7,$8,$9,$10,$11,$12,$13,$14,$15,CAST($16::text AS "public"."BookingStatus"),CAST($17::text AS "public"."PaymentStatus"),$18,$19) RETURNING "public"."Booking"."id"
prisma:query SELECT "public"."Booking"."id", "public"."Booking"."bookingCode", "public"."Booking"."carId", "public"."Booking"."userId", "public"."Booking"."customerName", "public"."Booking"."customerSurname", "public"."Booking"."customerPhone", "public"."Booking"."customerEmail", "public"."Booking"."customerTC", "public"."Booking"."customerDriverLicense", "public"."Booking"."notes", "public"."Booking"."pickupDate", "public"."Booking"."dropoffDate", "public"."Booking"."originalDropoffDate", "public"."Booking"."pickupBranchId", "public"."Booking"."dropoffBranchId", "public"."Booking"."totalPrice", "public"."Booking"."status"::text, "public"."Booking"."paymentStatus"::text, "public"."Booking"."paymentProvider", "public"."Booking"."paymentRef", "public"."Booking"."paidAt", "public"."Booking"."createdAt", "public"."Booking"."updatedAt" FROM "public"."Booking" WHERE "public"."Booking"."id" = $1 LIMIT $2 OFFSET $3
prisma:query SELECT "public"."Car"."id", "public"."Car"."brand", "public"."Car"."model", "public"."Car"."year", "public"."Car"."transmission"::text, "public"."Car"."fuel"::text, "public"."Car"."category"::text, "public"."Car"."seats", "public"."Car"."doors", "public"."Car"."color", "public"."Car"."plateNumber", "public"."Car"."dailyPrice", "public"."Car"."weeklyPrice", "public"."Car"."deposit", "public"."Car"."mileage", "public"."Car"."images", "public"."Car"."status"::text, "public"."Car"."description", "public"."Car"."branchId", "public"."Car"."createdAt", "public"."Car"."updatedAt" FROM "public"."Car" WHERE "public"."Car"."id" IN ($1) OFFSET $2
prisma:query SELECT "public"."Branch"."id", "public"."Branch"."name", "public"."Branch"."address", "public"."Branch"."city", "public"."Branch"."phone", "public"."Branch"."isActive", "public"."Branch"."createdAt", "public"."Branch"."updatedAt" FROM "public"."Branch" WHERE "public"."Branch"."id" IN ($1) OFFSET $2
prisma:query SELECT "public"."Branch"."id", "public"."Branch"."name", "public"."Branch"."address", "public"."Branch"."city", "public"."Branch"."phone", "public"."Branch"."isActive", "public"."Branch"."createdAt", "public"."Branch"."updatedAt" FROM "public"."Branch" WHERE "public"."Branch"."id" IN ($1) OFFSET $2
prisma:query SELECT "public"."Branch"."id", "public"."Branch"."name", "public"."Branch"."address", "public"."Branch"."city", "public"."Branch"."phone", "public"."Branch"."isActive", "public"."Branch"."createdAt", "public"."Branch"."updatedAt" FROM "public"."Branch" WHERE "public"."Branch"."id" IN ($1) OFFSET $2
prisma:query COMMIT
Created Booking: Feb 10 - Feb 15
[Notification] EMAIL sent to test@test.com (logged to file)
[Notification] SMS sent to 123456 (logged to file)
prisma:query SELECT COUNT(*) FROM (SELECT "public"."Car"."id" FROM "public"."Car" WHERE ("public"."Car"."id") NOT IN (SELECT "t1"."carId" FROM "public"."Booking" AS "t1" WHERE ("t1"."pickupDate" <= $1 AND "t1"."dropoffDate" >= $2 AND "t1"."status" IN (CAST($3::text AS "public"."BookingStatus"),CAST($4::text AS "public"."BookingStatus")) AND "t1"."carId" IS NOT NULL)) OFFSET $5) AS "sub"
prisma:query SELECT "public"."Car"."id", "public"."Car"."brand", "public"."Car"."model", "public"."Car"."year", "public"."Car"."transmission"::text, "public"."Car"."fuel"::text, "public"."Car"."category"::text, "public"."Car"."seats", "public"."Car"."doors", "public"."Car"."color", "public"."Car"."plateNumber", "public"."Car"."dailyPrice", "public"."Car"."weeklyPrice", "public"."Car"."deposit", "public"."Car"."mileage", "public"."Car"."images", "public"."Car"."status"::text, "public"."Car"."description", "public"."Car"."branchId", "public"."Car"."createdAt", "public"."Car"."updatedAt" FROM "public"."Car" WHERE ("public"."Car"."id") NOT IN (SELECT "t1"."carId" FROM "public"."Booking" AS "t1" WHERE ("t1"."pickupDate" <= $1 AND "t1"."dropoffDate" >= $2 AND "t1"."status" IN (CAST($3::text AS "public"."BookingStatus"),CAST($4::text AS "public"."BookingStatus")) AND "t1"."carId" IS NOT NULL)) ORDER BY "public"."Car"."createdAt" DESC LIMIT $5 OFFSET $6
prisma:query SELECT "public"."Branch"."id", "public"."Branch"."name", "public"."Branch"."address", "public"."Branch"."city", "public"."Branch"."phone", "public"."Branch"."isActive", "public"."Branch"."createdAt", "public"."Branch"."updatedAt" FROM "public"."Branch" WHERE "public"."Branch"."id" IN ($1,$2,$3) OFFSET $4
Γ£à SUCCESS: Car was correctly excluded.
prisma:query SELECT COUNT(*) FROM (SELECT "public"."Car"."id" FROM "public"."Car" WHERE ("public"."Car"."id") NOT IN (SELECT "t1"."carId" FROM "public"."Booking" AS "t1" WHERE ("t1"."pickupDate" <= $1 AND "t1"."dropoffDate" >= $2 AND "t1"."status" IN (CAST($3::text AS "public"."BookingStatus"),CAST($4::text AS "public"."BookingStatus")) AND "t1"."carId" IS NOT NULL)) OFFSET $5) AS "sub"
prisma:query SELECT "public"."Car"."id", "public"."Car"."brand", "public"."Car"."model", "public"."Car"."year", "public"."Car"."transmission"::text, "public"."Car"."fuel"::text, "public"."Car"."category"::text, "public"."Car"."seats", "public"."Car"."doors", "public"."Car"."color", "public"."Car"."plateNumber", "public"."Car"."dailyPrice", "public"."Car"."weeklyPrice", "public"."Car"."deposit", "public"."Car"."mileage", "public"."Car"."images", "public"."Car"."status"::text, "public"."Car"."description", "public"."Car"."branchId", "public"."Car"."createdAt", "public"."Car"."updatedAt" FROM "public"."Car" WHERE ("public"."Car"."id") NOT IN (SELECT "t1"."carId" FROM "public"."Booking" AS "t1" WHERE ("t1"."pickupDate" <= $1 AND "t1"."dropoffDate" >= $2 AND "t1"."status" IN (CAST($3::text AS "public"."BookingStatus"),CAST($4::text AS "public"."BookingStatus")) AND "t1"."carId" IS NOT NULL)) ORDER BY "public"."Car"."createdAt" DESC LIMIT $5 OFFSET $6
prisma:query SELECT "public"."Branch"."id", "public"."Branch"."name", "public"."Branch"."address", "public"."Branch"."city", "public"."Branch"."phone", "public"."Branch"."isActive", "public"."Branch"."createdAt", "public"."Branch"."updatedAt" FROM "public"."Branch" WHERE "public"."Branch"."id" IN ($1,$2,$3,$4) OFFSET $5
Γ£à SUCCESS: Car was found for available dates.
prisma:query DELETE FROM "public"."Booking" WHERE "public"."Booking"."carId" = $1
prisma:query DELETE FROM "public"."Car" WHERE ("public"."Car"."id" = $1 AND 1=1) RETURNING "public"."Car"."id", "public"."Car"."brand", "public"."Car"."model", "public"."Car"."year", "public"."Car"."transmission"::text, "public"."Car"."fuel"::text, "public"."Car"."category"::text, "public"."Car"."seats", "public"."Car"."doors", "public"."Car"."color", "public"."Car"."plateNumber", "public"."Car"."dailyPrice", "public"."Car"."weeklyPrice", "public"."Car"."deposit", "public"."Car"."mileage", "public"."Car"."images", "public"."Car"."status"::text, "public"."Car"."description", "public"."Car"."branchId", "public"."Car"."createdAt", "public"."Car"."updatedAt"
prisma:query DELETE FROM "public"."Branch" WHERE ("public"."Branch"."id" = $1 AND 1=1) RETURNING "public"."Branch"."id", "public"."Branch"."name", "public"."Branch"."address", "public"."Branch"."city", "public"."Branch"."phone", "public"."Branch"."isActive", "public"."Branch"."createdAt", "public"."Branch"."updatedAt"
