src/modules/admin/admin.service.ts(41,22): error TS2551: Property 'userInsurance' does not exist on type 'PrismaClient<PrismaClientOptions, never, DefaultArgs>'. Did you mean 'insurance'?
src/modules/admin/admin.service.ts(58,16): error TS2551: Property 'userInsurance' does not exist on type 'PrismaClient<PrismaClientOptions, never, DefaultArgs>'. Did you mean 'insurance'?
src/modules/admin/admin.service.ts(133,16): error TS2551: Property 'userInsurance' does not exist on type 'PrismaClient<PrismaClientOptions, never, DefaultArgs>'. Did you mean 'insurance'?
src/modules/admin/admin.service.ts(134,16): error TS2551: Property 'userInsurance' does not exist on type 'PrismaClient<PrismaClientOptions, never, DefaultArgs>'. Did you mean 'insurance'?
src/modules/admin/admin.service.ts(135,16): error TS2551: Property 'userInsurance' does not exist on type 'PrismaClient<PrismaClientOptions, never, DefaultArgs>'. Did you mean 'insurance'?
src/modules/backup/backup.service.ts(205,41): error TS2551: Property 'userInsurance' does not exist on type 'PrismaClient<PrismaClientOptions, never, DefaultArgs>'. Did you mean 'insurance'?
src/modules/insurance/insurance.service.ts(118,34): error TS2345: Argument of type 'Buffer<ArrayBufferLike>' is not assignable to parameter of type 'Buffer'.
  The types of 'slice(...)[Symbol.toStringTag]' are incompatible between these types.
    Type '"Uint8Array"' is not assignable to type '"ArrayBuffer"'.
